// Jest Snapshot v1, https://goo.gl/fbAQLP

exports[`Box renders 1`] = `
<h1
  className="header"
>
  Some content
</h1>
`;
